// Jest Snapshot v1, https://goo.gl/fbAQLP

exports[`iat plugin display should clear if key press is associated with category label 1`] = `""`;

exports[`iat plugin display should clear when any key is pressed 1`] = `" <div style=\\"position: absolute; height: 20%; width: 100%; margin-left: auto; margin-right: auto; top: 42%; left: 0; right: 0\\"><p id=\\"jspsych-iat-stim\\"></p><p>hello</p><p></p></div><div id=\\"trial_left_align\\" style=\\"position: absolute; top: 18%; left: 20%\\"><p>Press E for:<br> <b>left</b></p></div><div id=\\"trial_right_align\\" style=\\"position: absolute; top: 18%; right: 20%\\"><p>Press j for:<br> <b>UNFRIENDLY</b></p></div><div id=\\"wrongImg\\" style=\\"position:relative; top: 300px; margin-left: auto; margin-right: auto; left: 0; right: 0\\"><p>Trial will continue automatically.</p></div>"`;

exports[`iat plugin display should only clear when left key is pressed 1`] = `" <div style=\\"position: absolute; height: 20%; width: 100%; margin-left: auto; margin-right: auto; top: 42%; left: 0; right: 0\\"><p id=\\"jspsych-iat-stim\\"></p><p>hello</p><p></p></div><div id=\\"trial_left_align\\" style=\\"position: absolute; top: 18%; left: 20%\\"><p>Press f for:<br> <b>FRIENDLY</b></p></div><div id=\\"trial_right_align\\" style=\\"position: absolute; top: 18%; right: 20%\\"><p>Press I for:<br> <b>right</b></p></div><div id=\\"wrongImg\\" style=\\"position:relative; top: 300px; margin-left: auto; margin-right: auto; left: 0; right: 0\\"><p>Trial will continue automatically.</p></div>"`;

exports[`iat plugin display should only clear when left key is pressed 2`] = `""`;

exports[`iat plugin display should only clear when right key is pressed 1`] = `" <div style=\\"position: absolute; height: 20%; width: 100%; margin-left: auto; margin-right: auto; top: 42%; left: 0; right: 0\\"><p id=\\"jspsych-iat-stim\\"></p><p>hello</p><p></p></div><div id=\\"trial_left_align\\" style=\\"position: absolute; top: 18%; left: 20%\\"><p>Press E for:<br> <b>left</b></p></div><div id=\\"trial_right_align\\" style=\\"position: absolute; top: 18%; right: 20%\\"><p>Press j for:<br> <b>UNFRIENDLY</b></p></div><div id=\\"wrongImg\\" style=\\"position:relative; top: 300px; margin-left: auto; margin-right: auto; left: 0; right: 0\\"><p>Trial will continue automatically.</p></div>"`;

exports[`iat plugin display should only clear when right key is pressed 2`] = `""`;

exports[`iat plugin display should only when "other key" is pressed 1`] = `" <div style=\\"position: absolute; height: 20%; width: 100%; margin-left: auto; margin-right: auto; top: 42%; left: 0; right: 0\\"><p id=\\"jspsych-iat-stim\\"></p><p>hello</p><p></p></div><div id=\\"trial_left_align\\" style=\\"position: absolute; top: 18%; left: 20%\\"><p>Press f for:<br> <b>FRIENDLY</b></p></div><div id=\\"trial_right_align\\" style=\\"position: absolute; top: 18%; right: 20%\\"><p>Press j for:<br> <b>UNFRIENDLY</b></p></div><div id=\\"wrongImg\\" style=\\"position:relative; top: 300px; margin-left: auto; margin-right: auto; left: 0; right: 0\\"><p>Trial will continue automatically.</p></div>"`;

exports[`iat plugin display should only when "other key" is pressed 2`] = `" <div style=\\"position: absolute; height: 20%; width: 100%; margin-left: auto; margin-right: auto; top: 42%; left: 0; right: 0\\"><p id=\\"jspsych-iat-stim\\" class=\\" responded\\"></p><p>hello</p><p></p></div><div id=\\"trial_left_align\\" style=\\"position: absolute; top: 18%; left: 20%\\"><p>Press f for:<br> <b>FRIENDLY</b></p></div><div id=\\"trial_right_align\\" style=\\"position: absolute; top: 18%; right: 20%\\"><p>Press j for:<br> <b>UNFRIENDLY</b></p></div><div id=\\"wrongImg\\" style=\\"position:relative; top: 300px; margin-left: auto; margin-right: auto; left: 0; right: 0\\"><p>Trial will continue automatically.</p></div>"`;

exports[`iat plugin displays html when is_html is true 1`] = `" <div style=\\"position: absolute; height: 20%; width: 100%; margin-left: auto; margin-right: auto; top: 42%; left: 0; right: 0\\"><p id=\\"jspsych-iat-stim\\"></p><p>hello</p><p></p></div><div id=\\"trial_left_align\\" style=\\"position: absolute; top: 18%; left: 20%\\"><p>Press E for:<br> <b>left</b></p></div><div id=\\"trial_right_align\\" style=\\"position: absolute; top: 18%; right: 20%\\"><p>Press I for:<br> <b>right</b></p></div><div id=\\"wrongImg\\" style=\\"position:relative; top: 300px; margin-left: auto; margin-right: auto; left: 0; right: 0\\"><p>Trial will continue automatically.</p></div>"`;

exports[`iat plugin displays image by default 1`] = `undefined`;

exports[`iat plugin prompt should append html below stimulus 1`] = `" <div style=\\"position: absolute; height: 20%; width: 100%; margin-left: auto; margin-right: auto; top: 42%; left: 0; right: 0\\"><p id=\\"jspsych-iat-stim\\"></p><p>hello</p><p></p></div><div id=\\"trial_left_align\\" style=\\"position: absolute; top: 18%; left: 20%\\"><p>Press E for:<br> <b>left</b></p></div><div id=\\"trial_right_align\\" style=\\"position: absolute; top: 18%; right: 20%\\"><p>Press I for:<br> <b>right</b></p></div><div id=\\"wrongImg\\" style=\\"position:relative; top: 300px; margin-left: auto; margin-right: auto; left: 0; right: 0\\"><p>Trial will continue automatically.</p></div><div id=\\"foo\\">this is the prompt</div>"`;

exports[`iat plugin should accept functions as parameters(timing_response in use) 1`] = `" <div style=\\"position: absolute; height: 20%; width: 100%; margin-left: auto; margin-right: auto; top: 42%; left: 0; right: 0\\"><p id=\\"jspsych-iat-stim\\"></p><p>hello</p><p></p></div><div id=\\"trial_left_align\\" style=\\"position: absolute; top: 18%; left: 20%\\"><p>Press E for:<br> <b>FRIENDLY</b></p></div><div id=\\"trial_right_align\\" style=\\"position: absolute; top: 18%; right: 20%\\"><p>Press I for:<br> <b>UNFRIENDLY</b></p></div><div id=\\"wrongImg\\" style=\\"position:relative; top: 300px; margin-left: auto; margin-right: auto; left: 0; right: 0\\"><p>Trial will continue automatically.</p></div><div>prompt</div>"`;

exports[`iat plugin should accept functions as parameters(timing_response in use) 2`] = `" <div style=\\"position: absolute; height: 20%; width: 100%; margin-left: auto; margin-right: auto; top: 42%; left: 0; right: 0\\"><p id=\\"jspsych-iat-stim\\"></p><p>hello</p><p></p></div><div id=\\"trial_left_align\\" style=\\"position: absolute; top: 18%; left: 20%\\"><p>Press E for:<br> <b>FRIENDLY</b></p></div><div id=\\"trial_right_align\\" style=\\"position: absolute; top: 18%; right: 20%\\"><p>Press I for:<br> <b>UNFRIENDLY</b></p></div><div id=\\"wrongImg\\" style=\\"position:relative; top: 300px; margin-left: auto; margin-right: auto; left: 0; right: 0\\"><p>Trial will continue automatically.</p></div><div>prompt</div>"`;

exports[`iat plugin should accept functions as parameters(timing_response in use) 3`] = `" <div style=\\"position: absolute; height: 20%; width: 100%; margin-left: auto; margin-right: auto; top: 42%; left: 0; right: 0\\"><p id=\\"jspsych-iat-stim\\"></p><p>hello</p><p></p></div><div id=\\"trial_left_align\\" style=\\"position: absolute; top: 18%; left: 20%\\"><p>Press E for:<br> <b>FRIENDLY</b></p></div><div id=\\"trial_right_align\\" style=\\"position: absolute; top: 18%; right: 20%\\"><p>Press I for:<br> <b>UNFRIENDLY</b></p></div><div id=\\"wrongImg\\" style=\\"position:relative; top: 300px; margin-left: auto; margin-right: auto; left: 0; right: 0\\"><p>Trial will continue automatically.</p></div><div>prompt</div>"`;

exports[`iat plugin should accept functions as parameters(timing_response in use) 4`] = `" <div style=\\"position: absolute; height: 20%; width: 100%; margin-left: auto; margin-right: auto; top: 42%; left: 0; right: 0\\"><p id=\\"jspsych-iat-stim\\"></p><p>hello</p><p></p></div><div id=\\"trial_left_align\\" style=\\"position: absolute; top: 18%; left: 20%\\"><p>Press E for:<br> <b>FRIENDLY</b></p></div><div id=\\"trial_right_align\\" style=\\"position: absolute; top: 18%; right: 20%\\"><p>Press I for:<br> <b>UNFRIENDLY</b></p></div><div id=\\"wrongImg\\" style=\\"position:relative; top: 300px; margin-left: auto; margin-right: auto; left: 0; right: 0\\"><p>Trial will continue automatically.</p></div><div>prompt</div>"`;

exports[`iat plugin should accept functions as parameters(timing_response in use) 5`] = `""`;

exports[`iat plugin should accept functions as parameters(timing_response is not in use) 1`] = `" <div style=\\"position: absolute; height: 20%; width: 100%; margin-left: auto; margin-right: auto; top: 42%; left: 0; right: 0\\"><p id=\\"jspsych-iat-stim\\"></p><p>hello</p><p></p></div><div id=\\"trial_left_align\\" style=\\"position: absolute; top: 18%; left: 20%\\"><p>Press E for:<br> <b>FRIENDLY</b></p></div><div id=\\"trial_right_align\\" style=\\"position: absolute; top: 18%; right: 20%\\"><p>Press I for:<br> <b>UNFRIENDLY</b></p></div><div id=\\"wrongImg\\" style=\\"position:relative; top: 300px; margin-left: auto; margin-right: auto; left: 0; right: 0\\"><div id=\\"wrongImgContainer\\" style=\\"position: absolute; top: -75px; margin-left: auto; margin-right: auto; left: 0; right: 0\\"><img src=\\"../media/redX.png\\" style=\\"visibility: hidden;\\" id=\\"wrongImgID\\"></div><p>If you press the wrong key, a red X will appear. Press the other key to continue.</p></div><div>prompt</div>"`;

exports[`iat plugin should accept functions as parameters(timing_response is not in use) 2`] = `" <div style=\\"position: absolute; height: 20%; width: 100%; margin-left: auto; margin-right: auto; top: 42%; left: 0; right: 0\\"><p id=\\"jspsych-iat-stim\\"></p><p>hello</p><p></p></div><div id=\\"trial_left_align\\" style=\\"position: absolute; top: 18%; left: 20%\\"><p>Press E for:<br> <b>FRIENDLY</b></p></div><div id=\\"trial_right_align\\" style=\\"position: absolute; top: 18%; right: 20%\\"><p>Press I for:<br> <b>UNFRIENDLY</b></p></div><div id=\\"wrongImg\\" style=\\"position:relative; top: 300px; margin-left: auto; margin-right: auto; left: 0; right: 0\\"><div id=\\"wrongImgContainer\\" style=\\"position: absolute; top: -75px; margin-left: auto; margin-right: auto; left: 0; right: 0\\"><img src=\\"../media/redX.png\\" style=\\"visibility: hidden;\\" id=\\"wrongImgID\\"></div><p>If you press the wrong key, a red X will appear. Press the other key to continue.</p></div><div>prompt</div>"`;

exports[`iat plugin should accept functions as parameters(timing_response is not in use) 3`] = `" <div style=\\"position: absolute; height: 20%; width: 100%; margin-left: auto; margin-right: auto; top: 42%; left: 0; right: 0\\"><p id=\\"jspsych-iat-stim\\"></p><p>hello</p><p></p></div><div id=\\"trial_left_align\\" style=\\"position: absolute; top: 18%; left: 20%\\"><p>Press E for:<br> <b>FRIENDLY</b></p></div><div id=\\"trial_right_align\\" style=\\"position: absolute; top: 18%; right: 20%\\"><p>Press I for:<br> <b>UNFRIENDLY</b></p></div><div id=\\"wrongImg\\" style=\\"position:relative; top: 300px; margin-left: auto; margin-right: auto; left: 0; right: 0\\"><div id=\\"wrongImgContainer\\" style=\\"position: absolute; top: -75px; margin-left: auto; margin-right: auto; left: 0; right: 0\\"><img src=\\"../media/redX.png\\" style=\\"visibility: hidden;\\" id=\\"wrongImgID\\"></div><p>If you press the wrong key, a red X will appear. Press the other key to continue.</p></div><div>prompt</div>"`;

exports[`iat plugin should accept functions as parameters(timing_response is not in use) 4`] = `" <div style=\\"position: absolute; height: 20%; width: 100%; margin-left: auto; margin-right: auto; top: 42%; left: 0; right: 0\\"><p id=\\"jspsych-iat-stim\\"></p><p>hello</p><p></p></div><div id=\\"trial_left_align\\" style=\\"position: absolute; top: 18%; left: 20%\\"><p>Press E for:<br> <b>FRIENDLY</b></p></div><div id=\\"trial_right_align\\" style=\\"position: absolute; top: 18%; right: 20%\\"><p>Press I for:<br> <b>UNFRIENDLY</b></p></div><div id=\\"wrongImg\\" style=\\"position:relative; top: 300px; margin-left: auto; margin-right: auto; left: 0; right: 0\\"><div id=\\"wrongImgContainer\\" style=\\"position: absolute; top: -75px; margin-left: auto; margin-right: auto; left: 0; right: 0\\"><img src=\\"../media/redX.png\\" style=\\"visibility: hidden;\\" id=\\"wrongImgID\\"></div><p>If you press the wrong key, a red X will appear. Press the other key to continue.</p></div><div>prompt</div>"`;

exports[`iat plugin should accept functions as parameters(timing_response is not in use) 5`] = `" <div style=\\"position: absolute; height: 20%; width: 100%; margin-left: auto; margin-right: auto; top: 42%; left: 0; right: 0\\"><p id=\\"jspsych-iat-stim\\"></p><p>hello</p><p></p></div><div id=\\"trial_left_align\\" style=\\"position: absolute; top: 18%; left: 20%\\"><p>Press E for:<br> <b>FRIENDLY</b></p></div><div id=\\"trial_right_align\\" style=\\"position: absolute; top: 18%; right: 20%\\"><p>Press I for:<br> <b>UNFRIENDLY</b></p></div><div id=\\"wrongImg\\" style=\\"position:relative; top: 300px; margin-left: auto; margin-right: auto; left: 0; right: 0\\"><div id=\\"wrongImgContainer\\" style=\\"position: absolute; top: -75px; margin-left: auto; margin-right: auto; left: 0; right: 0\\"><img src=\\"../media/redX.png\\" style=\\"visibility: hidden;\\" id=\\"wrongImgID\\"></div><p>If you press the wrong key, a red X will appear. Press the other key to continue.</p></div><div>prompt</div>"`;

exports[`iat plugin should display wrong image when wrong key is pressed 1`] = `" <div style=\\"position: absolute; height: 20%; width: 100%; margin-left: auto; margin-right: auto; top: 42%; left: 0; right: 0\\"><p id=\\"jspsych-iat-stim\\" class=\\" responded\\"></p><p>hello</p><p></p></div><div id=\\"trial_left_align\\" style=\\"position: absolute; top: 18%; left: 20%\\"><p>Press f for:<br> <b>FRIENDLY</b></p></div><div id=\\"trial_right_align\\" style=\\"position: absolute; top: 18%; right: 20%\\"><p>Press j for:<br> <b>UNFRIENDLY</b></p></div><div id=\\"wrongImg\\" style=\\"position:relative; top: 300px; margin-left: auto; margin-right: auto; left: 0; right: 0\\"><p>Trial will continue automatically.</p></div>"`;

exports[`iat plugin timing_response should end trial after time has elapsed; only if display_feedback is false 1`] = `" <div style=\\"position: absolute; height: 20%; width: 100%; margin-left: auto; margin-right: auto; top: 42%; left: 0; right: 0\\"><p id=\\"jspsych-iat-stim\\"></p><p>hello</p><p></p></div><div id=\\"trial_left_align\\" style=\\"position: absolute; top: 18%; left: 20%\\"><p>Press E for:<br> <b>left</b></p></div><div id=\\"trial_right_align\\" style=\\"position: absolute; top: 18%; right: 20%\\"><p>Press I for:<br> <b>right</b></p></div><div id=\\"wrongImg\\" style=\\"position:relative; top: 300px; margin-left: auto; margin-right: auto; left: 0; right: 0\\"><p>Trial will continue automatically.</p></div>"`;

exports[`iat plugin timing_response should end trial after time has elapsed; only if display_feedback is false 2`] = `""`;

exports[`iat plugin trial should not end when response_ends_trial is false and stimulus should get responded class 1`] = `" <div style=\\"position: absolute; height: 20%; width: 100%; margin-left: auto; margin-right: auto; top: 42%; left: 0; right: 0\\"><p id=\\"jspsych-iat-stim\\"></p><p>hello</p><p></p></div><div id=\\"trial_left_align\\" style=\\"position: absolute; top: 18%; left: 20%\\"><p>Press E for:<br> <b>left</b></p></div><div id=\\"trial_right_align\\" style=\\"position: absolute; top: 18%; right: 20%\\"><p>Press I for:<br> <b>right</b></p></div><div id=\\"wrongImg\\" style=\\"position:relative; top: 300px; margin-left: auto; margin-right: auto; left: 0; right: 0\\"><p>Trial will continue automatically.</p></div>"`;

exports[`iat plugin when wrong image is displayed, display should clear after pressing key to move forward 1`] = `" <div style=\\"position: absolute; height: 20%; width: 100%; margin-left: auto; margin-right: auto; top: 42%; left: 0; right: 0\\"><p id=\\"jspsych-iat-stim\\"></p><p>hello</p><p></p></div><div id=\\"trial_left_align\\" style=\\"position: absolute; top: 18%; left: 20%\\"><p>Press f for:<br> <b>FRIENDLY</b></p></div><div id=\\"trial_right_align\\" style=\\"position: absolute; top: 18%; right: 20%\\"><p>Press j for:<br> <b>UNFRIENDLY</b></p></div><div id=\\"wrongImg\\" style=\\"position:relative; top: 300px; margin-left: auto; margin-right: auto; left: 0; right: 0\\"><p>Trial will continue automatically.</p></div>"`;

exports[`iat plugin when wrong image is displayed, display should clear after pressing key to move forward 2`] = `" <div style=\\"position: absolute; height: 20%; width: 100%; margin-left: auto; margin-right: auto; top: 42%; left: 0; right: 0\\"><p id=\\"jspsych-iat-stim\\" class=\\" responded\\"></p><p>hello</p><p></p></div><div id=\\"trial_left_align\\" style=\\"position: absolute; top: 18%; left: 20%\\"><p>Press f for:<br> <b>FRIENDLY</b></p></div><div id=\\"trial_right_align\\" style=\\"position: absolute; top: 18%; right: 20%\\"><p>Press j for:<br> <b>UNFRIENDLY</b></p></div><div id=\\"wrongImg\\" style=\\"position:relative; top: 300px; margin-left: auto; margin-right: auto; left: 0; right: 0\\"><p>Trial will continue automatically.</p></div>"`;
